###############################################################################
#
# IAR ELF Linker V9.30.1.335/W64 for ARM                  26/Jan/2024  18:47:55
# Copyright 2007-2022 IAR Systems AB.
#
#    Output file  =
#        D:\Senior2 Fall\Senior II\Fall 23\MCT422 Automotive Embedded
#        Networking\Final Submission\ALMOST
#        DONE\ECU2_Team1_FINAL_V30\ECU2_Team1_FINAL\ECU2_Team1_FINAL_BeforeFlash\ECU2_Team1_Pre_Final_Major\Debug\Exe\Lab2.out
#    Map file     =
#        D:\Senior2 Fall\Senior II\Fall 23\MCT422 Automotive Embedded
#        Networking\Final Submission\ALMOST
#        DONE\ECU2_Team1_FINAL_V30\ECU2_Team1_FINAL\ECU2_Team1_FINAL_BeforeFlash\ECU2_Team1_Pre_Final_Major\Debug\List\Lab2.map
#    Command line =
#        -f "D:\Senior2 Fall\Senior II\Fall 23\MCT422 Automotive Embedded
#        Networking\Final Submission\ALMOST
#        DONE\ECU2_Team1_FINAL_V30\ECU2_Team1_FINAL\ECU2_Team1_FINAL_BeforeFlash\ECU2_Team1_Pre_Final_Major\Debug\Exe\Lab2.out.rsp"
#        ("D:\Senior2 Fall\Senior II\Fall 23\MCT422 Automotive Embedded
#        Networking\Final Submission\ALMOST
#        DONE\ECU2_Team1_FINAL_V30\ECU2_Team1_FINAL\ECU2_Team1_FINAL_BeforeFlash\ECU2_Team1_Pre_Final_Major\Debug\Obj\adc.o"
#        "D:\Senior2 Fall\Senior II\Fall 23\MCT422 Automotive Embedded
#        Networking\Final Submission\ALMOST
#        DONE\ECU2_Team1_FINAL_V30\ECU2_Team1_FINAL\ECU2_Team1_FINAL_BeforeFlash\ECU2_Team1_Pre_Final_Major\Debug\Obj\CAN.o"
#        "D:\Senior2 Fall\Senior II\Fall 23\MCT422 Automotive Embedded
#        Networking\Final Submission\ALMOST
#        DONE\ECU2_Team1_FINAL_V30\ECU2_Team1_FINAL\ECU2_Team1_FINAL_BeforeFlash\ECU2_Team1_Pre_Final_Major\Debug\Obj\Config_ECU2.o"
#        "D:\Senior2 Fall\Senior II\Fall 23\MCT422 Automotive Embedded
#        Networking\Final Submission\ALMOST
#        DONE\ECU2_Team1_FINAL_V30\ECU2_Team1_FINAL\ECU2_Team1_FINAL_BeforeFlash\ECU2_Team1_Pre_Final_Major\Debug\Obj\ECU2.o"
#        "D:\Senior2 Fall\Senior II\Fall 23\MCT422 Automotive Embedded
#        Networking\Final Submission\ALMOST
#        DONE\ECU2_Team1_FINAL_V30\ECU2_Team1_FINAL\ECU2_Team1_FINAL_BeforeFlash\ECU2_Team1_Pre_Final_Major\Debug\Obj\FlashM.o"
#        "D:\Senior2 Fall\Senior II\Fall 23\MCT422 Automotive Embedded
#        Networking\Final Submission\ALMOST
#        DONE\ECU2_Team1_FINAL_V30\ECU2_Team1_FINAL\ECU2_Team1_FINAL_BeforeFlash\ECU2_Team1_Pre_Final_Major\Debug\Obj\gpio.o"
#        "D:\Senior2 Fall\Senior II\Fall 23\MCT422 Automotive Embedded
#        Networking\Final Submission\ALMOST
#        DONE\ECU2_Team1_FINAL_V30\ECU2_Team1_FINAL\ECU2_Team1_FINAL_BeforeFlash\ECU2_Team1_Pre_Final_Major\Debug\Obj\GPTM.o"
#        "D:\Senior2 Fall\Senior II\Fall 23\MCT422 Automotive Embedded
#        Networking\Final Submission\ALMOST
#        DONE\ECU2_Team1_FINAL_V30\ECU2_Team1_FINAL\ECU2_Team1_FINAL_BeforeFlash\ECU2_Team1_Pre_Final_Major\Debug\Obj\LED.o"
#        "D:\Senior2 Fall\Senior II\Fall 23\MCT422 Automotive Embedded
#        Networking\Final Submission\ALMOST
#        DONE\ECU2_Team1_FINAL_V30\ECU2_Team1_FINAL\ECU2_Team1_FINAL_BeforeFlash\ECU2_Team1_Pre_Final_Major\Debug\Obj\main.o"
#        "D:\Senior2 Fall\Senior II\Fall 23\MCT422 Automotive Embedded
#        Networking\Final Submission\ALMOST
#        DONE\ECU2_Team1_FINAL_V30\ECU2_Team1_FINAL\ECU2_Team1_FINAL_BeforeFlash\ECU2_Team1_Pre_Final_Major\Debug\Obj\MY_RTOS_FIFO.o"
#        "D:\Senior2 Fall\Senior II\Fall 23\MCT422 Automotive Embedded
#        Networking\Final Submission\ALMOST
#        DONE\ECU2_Team1_FINAL_V30\ECU2_Team1_FINAL\ECU2_Team1_FINAL_BeforeFlash\ECU2_Team1_Pre_Final_Major\Debug\Obj\Schedular.o"
#        "D:\Senior2 Fall\Senior II\Fall 23\MCT422 Automotive Embedded
#        Networking\Final Submission\ALMOST
#        DONE\ECU2_Team1_FINAL_V30\ECU2_Team1_FINAL\ECU2_Team1_FINAL_BeforeFlash\ECU2_Team1_Pre_Final_Major\Debug\Obj\Schedular_Cfg.o"
#        "D:\Senior2 Fall\Senior II\Fall 23\MCT422 Automotive Embedded
#        Networking\Final Submission\ALMOST
#        DONE\ECU2_Team1_FINAL_V30\ECU2_Team1_FINAL\ECU2_Team1_FINAL_BeforeFlash\ECU2_Team1_Pre_Final_Major\Debug\Obj\SSI.o"
#        "D:\Senior2 Fall\Senior II\Fall 23\MCT422 Automotive Embedded
#        Networking\Final Submission\ALMOST
#        DONE\ECU2_Team1_FINAL_V30\ECU2_Team1_FINAL\ECU2_Team1_FINAL_BeforeFlash\ECU2_Team1_Pre_Final_Major\Debug\Obj\startup_ARMCM4.o"
#        "D:\Senior2 Fall\Senior II\Fall 23\MCT422 Automotive Embedded
#        Networking\Final Submission\ALMOST
#        DONE\ECU2_Team1_FINAL_V30\ECU2_Team1_FINAL\ECU2_Team1_FINAL_BeforeFlash\ECU2_Team1_Pre_Final_Major\Debug\Obj\switch.o"
#        "D:\Senior2 Fall\Senior II\Fall 23\MCT422 Automotive Embedded
#        Networking\Final Submission\ALMOST
#        DONE\ECU2_Team1_FINAL_V30\ECU2_Team1_FINAL\ECU2_Team1_FINAL_BeforeFlash\ECU2_Team1_Pre_Final_Major\Debug\Obj\system_ARMCM4.o"
#        "D:\Senior2 Fall\Senior II\Fall 23\MCT422 Automotive Embedded
#        Networking\Final Submission\ALMOST
#        DONE\ECU2_Team1_FINAL_V30\ECU2_Team1_FINAL\ECU2_Team1_FINAL_BeforeFlash\ECU2_Team1_Pre_Final_Major\Debug\Obj\systick.o"
#        "D:\Senior2 Fall\Senior II\Fall 23\MCT422 Automotive Embedded
#        Networking\Final Submission\ALMOST
#        DONE\ECU2_Team1_FINAL_V30\ECU2_Team1_FINAL\ECU2_Team1_FINAL_BeforeFlash\ECU2_Team1_Pre_Final_Major\Debug\Obj\uart.o"
#        --no_out_extension -o "D:\Senior2 Fall\Senior II\Fall 23\MCT422
#        Automotive Embedded Networking\Final Submission\ALMOST
#        DONE\ECU2_Team1_FINAL_V30\ECU2_Team1_FINAL\ECU2_Team1_FINAL_BeforeFlash\ECU2_Team1_Pre_Final_Major\Debug\Exe\Lab2.out"
#        --map "D:\Senior2 Fall\Senior II\Fall 23\MCT422 Automotive Embedded
#        Networking\Final Submission\ALMOST
#        DONE\ECU2_Team1_FINAL_V30\ECU2_Team1_FINAL\ECU2_Team1_FINAL_BeforeFlash\ECU2_Team1_Pre_Final_Major\Debug\List\Lab2.map"
#        --config "C:\Program Files\IAR Systems\Embedded Workbench
#        9.1\arm/config/linker/TexasInstruments/TM4C123GH6.icf" --semihosting
#        --entry __iar_program_start --vfe --text_out locale --cpu=Cortex-M4
#        --fpu=VFPv4_sp)
#
###############################################################################

*******************************************************************************
*** RUNTIME MODEL ATTRIBUTES
***

CppFlavor       = *
__CPP_Runtime   = 1
__SystemLibrary = DLib
__dlib_version  = 6


*******************************************************************************
*** HEAP SELECTION
***

The basic heap was selected because --advanced_heap
was not specified and the application did not appear to
be primarily optimized for speed.


*******************************************************************************
*** PLACEMENT SUMMARY
***

"A0":  place at address 0x0 { ro section .intvec };
"P1":  place in [from 0x0 to 0x3'ffff] { ro };
define block CSTACK with size = 4K, alignment = 8 { };
define block HEAP with size = 8K, alignment = 8 { };
"P2":  place in [from 0x2000'0000 to 0x2000'7fff] {
          rw, block CSTACK, block HEAP };
initialize by copy { rw };

  Section            Kind         Address    Size  Object
  -------            ----         -------    ----  ------
"A0":                                       0x3c0
  .intvec            const            0x0   0x3c0  startup_ARMCM4.o [1]
                                  - 0x3c0   0x3c0

"P1":                                      0x36e0
  .text              ro code        0x3c0   0xa7c  CAN.o [1]
  .text              ro code        0xe3c   0x9e8  ECU2.o [1]
  .text              ro code       0x1824   0x57c  Schedular.o [1]
  .text              ro code       0x1da0    0x1a  LED.o [1]
  .text              ro code       0x1dba    0x7e  lz77_init_single.o [4]
  .text              ro code       0x1e38    0x80  FlashM.o [1]
  .text              ro code       0x1eb8   0x1dc  adc.o [1]
  .text              ro code       0x2094    0x14  switch.o [1]
  .text              ro code       0x20a8    0xc0  MY_RTOS_FIFO.o [1]
  .text              ro code       0x2168    0x12  strcmp.o [4]
  .text              ro code       0x217a     0x2  startup_ARMCM4.o [1]
  .text              ro code       0x217c    0x18  strcpy.o [4]
  .text              ro code       0x2194    0x58  systick.o [1]
  .text              ro code       0x21ec   0x570  gpio.o [1]
  .text              ro code       0x275c    0x1c  U32ToDbl.o [3]
  .text              ro code       0x2778   0x1aa  DblMul.o [3]
  .text              ro code       0x2924   0x246  DblDiv.o [3]
  .text              ro code       0x2b6c    0x68  DblToFlt.o [3]
  .text              ro code       0x2bd4   0x898  uart.o [1]
  .text              ro code       0x346c    0x46  U64ToDbl.o [3]
  .text              ro code       0x34b4    0x36  DblToS32.o [3]
  .text              ro code       0x34ec    0x22  S32ToDbl.o [3]
  .text              ro code       0x3510   0x25e  DblAddSub.o [3]
  .text              ro code       0x3770    0xf8  main.o [1]
  .text              ro code       0x3868    0x38  zero_init3.o [4]
  .text              ro code       0x38a0    0x28  data_init.o [4]
  .text              ro code       0x38c8    0x22  fpinit_M.o [3]
  .iar.init_table    const         0x38ec    0x20  - Linker created -
  .text              ro code       0x390c    0x20  system_ARMCM4.o [1]
  .text              ro code       0x392c    0x1e  cmain.o [4]
  .text              ro code       0x394a     0x4  low_level_init.o [2]
  .text              ro code       0x394e     0x4  exit.o [2]
  .text              ro code       0x3954     0xa  cexit.o [4]
  .text              ro code       0x3960    0x14  exit.o [5]
  .text              ro code       0x3974    0x1c  cstartup_M.o [4]
  .rodata            const         0x3990    0x18  ECU2.o [1]
  .text              ro code       0x39a8     0xe  startup_ARMCM4.o [1]
  .rodata            const         0x39b8     0xc  ECU2.o [1]
  .rodata            const         0x39c4     0xc  Schedular.o [1]
  .rodata            const         0x39d0     0x0  zero_init3.o [4]
  .rodata            const         0x39d0     0x0  lz77_init_single.o [4]
  Initializer bytes  const         0x39d0    0xd0  <for P2-1>
                                 - 0x3aa0  0x36e0

"P2", part 1 of 3:                          0x33c
  P2-1                        0x2000'0000   0x33c  <Init block>
    .data            inited   0x2000'0000    0x10  main.o [1]
    .data            inited   0x2000'0010    0x10  main.o [1]
    .data            inited   0x2000'0020    0x10  main.o [1]
    .data            inited   0x2000'0030    0x10  main.o [1]
    .data            inited   0x2000'0040    0x10  main.o [1]
    .data            inited   0x2000'0050    0x18  ECU2.o [1]
    .data            inited   0x2000'0068    0x18  ECU2.o [1]
    .data            inited   0x2000'0080     0x4  ECU2.o [1]
    .data            inited   0x2000'0084     0x4  ECU2.o [1]
    .data            inited   0x2000'0088    0x28  Schedular_Cfg.o [1]
    .data            inited   0x2000'00b0   0x280  Schedular_Cfg.o [1]
    .data            inited   0x2000'0330     0x4  Schedular_Cfg.o [1]
    .data            inited   0x2000'0334     0x4  system_ARMCM4.o [1]
    .data            inited   0x2000'0338     0x1  ECU2.o [1]
    .data            inited   0x2000'0339     0x1  ECU2.o [1]
    .data            inited   0x2000'033a     0x1  ECU2.o [1]
    .data            inited   0x2000'033b     0x1  ECU2.o [1]
                            - 0x2000'033c   0x33c

"P2", part 2 of 3:                           0xf8
  .bss               zero     0x2000'033c    0x48  Schedular.o [1]
  .bss               zero     0x2000'0384    0x40  Schedular.o [1]
  .bss               zero     0x2000'03c4    0x28  Schedular.o [1]
  .bss               zero     0x2000'03ec    0x14  Schedular.o [1]
  .bss               zero     0x2000'0400     0x8  ECU2.o [1]
  .bss               zero     0x2000'0408     0x8  ECU2.o [1]
  .bss               zero     0x2000'0410     0x4  ECU2.o [1]
  .bss               zero     0x2000'0414     0x4  Schedular.o [1]
  .bss               zero     0x2000'0418     0x4  Schedular.o [1]
  .bss               zero     0x2000'041c     0x4  Schedular.o [1]
  .bss               zero     0x2000'0420     0x2  FlashM.o [1]
  .bss               zero     0x2000'0422     0x1  ECU2.o [1]
  .bss               zero     0x2000'0423     0x1  ECU2.o [1]
  .bss               zero     0x2000'0424     0x1  ECU2.o [1]
  .bss               zero     0x2000'0425     0x1  ECU2.o [1]
  .bss               zero     0x2000'0426     0x1  ECU2.o [1]
  .bss               zero     0x2000'0427     0x1  ECU2.o [1]
  .bss               zero     0x2000'0428     0x1  ECU2.o [1]
  .bss               zero     0x2000'0429     0x1  ECU2.o [1]
  .bss               zero     0x2000'042a     0x1  ECU2.o [1]
  .bss               zero     0x2000'042b     0x1  ECU2.o [1]
  .bss               zero     0x2000'042c     0x1  ECU2.o [1]
  .bss               zero     0x2000'042d     0x1  ECU2.o [1]
  .bss               zero     0x2000'042e     0x1  ECU2.o [1]
  .bss               zero     0x2000'042f     0x1  ECU2.o [1]
  .bss               zero     0x2000'0430     0x1  ECU2.o [1]
  .bss               zero     0x2000'0431     0x1  ECU2.o [1]
  .bss               zero     0x2000'0432     0x1  ECU2.o [1]
  .bss               zero     0x2000'0433     0x1  ECU2.o [1]
                            - 0x2000'0434    0xf8

"P2", part 3 of 3:                         0x1000
  CSTACK                      0x2000'0438  0x1000  <Block>
    CSTACK           uninit   0x2000'0438  0x1000  <Block tail>
                            - 0x2000'1438  0x1000

Unused ranges:

         From           To      Size
         ----           --      ----
       0x3aa0     0x3'ffff  0x3'c560
  0x2000'0434  0x2000'0437       0x4
  0x2000'1438  0x2000'7fff    0x6bc8


*******************************************************************************
*** INIT TABLE
***

          Address      Size
          -------      ----
Zero (__iar_zero_init3)
    1 destination range, total size 0xf8:
          0x2000'033c   0xf8

Copy/lz77 (__iar_lz77_init_single3)
    1 source range, total size 0xd0 (25% of destination):
               0x39d0   0xd0
    1 destination range, total size 0x33c:
          0x2000'0000  0x33c



*******************************************************************************
*** MODULE SUMMARY
***

    Module              ro code  ro data  rw data
    ------              -------  -------  -------
command line/config:
    ---------------------------------------------
    Total:

D:\Senior2 Fall\Senior II\Fall 23\MCT422 Automotive Embedded Networking\Final Submission\ALMOST DONE\ECU2_Team1_FINAL_V30\ECU2_Team1_FINAL\ECU2_Team1_FINAL_BeforeFlash\ECU2_Team1_Pre_Final_Major\Debug\Obj: [1]
    CAN.o                 2'684
    ECU2.o                2'536       52       98
    FlashM.o                128                 2
    LED.o                    26
    MY_RTOS_FIFO.o          192
    Schedular.o           1'404       12      208
    Schedular_Cfg.o                  171      684
    adc.o                   476
    gpio.o                1'392
    main.o                  248       20       80
    startup_ARMCM4.o         16      960
    switch.o                 20
    system_ARMCM4.o          32        1        4
    systick.o                88
    uart.o                2'200
    ---------------------------------------------
    Total:               11'442    1'216    1'076

dl7M_tln.a: [2]
    exit.o                    4
    low_level_init.o          4
    ---------------------------------------------
    Total:                    8

m7M_tls.a: [3]
    DblAddSub.o             606
    DblDiv.o                582
    DblMul.o                426
    DblToFlt.o              104
    DblToS32.o               54
    S32ToDbl.o               34
    U32ToDbl.o               28
    U64ToDbl.o               70
    fpinit_M.o               34
    ---------------------------------------------
    Total:                1'938

rt7M_tl.a: [4]
    cexit.o                  10
    cmain.o                  30
    cstartup_M.o             28
    data_init.o              40
    lz77_init_single.o      126
    strcmp.o                 18
    strcpy.o                 24
    zero_init3.o             56
    ---------------------------------------------
    Total:                  332

shb_l.a: [5]
    exit.o                   20
    ---------------------------------------------
    Total:                   20

    Gaps                     16        4
    Linker created                    32    4'096
-------------------------------------------------
    Grand Total:         13'756    1'252    5'172


*******************************************************************************
*** ENTRY LIST
***

Entry                       Address   Size  Type      Object
-----                       -------   ----  ----      ------
.iar.init_table$$Base        0x38ec          --   Gb  - Linker created -
.iar.init_table$$Limit       0x390c          --   Gb  - Linker created -
?main                        0x392d         Code  Gb  cmain.o [4]
ADC_Reading             0x2000'033a    0x1  Data  Gb  ECU2.o [1]
BinarySem               0x2000'0330    0x4  Data  Gb  Schedular_Cfg.o [1]
BusFault_Handler             0x39b5    0x2  Code  Wk  startup_ARMCM4.o [1]
CAN_config                   0x39b8    0xc  Data  Gb  ECU2.o [1]
CAN_configMsgObj              0x48d  0x83c  Code  Gb  CAN.o [1]
CAN_enable                    0xe15    0xe  Code  Gb  CAN.o [1]
CAN_init                      0x42f   0x5e  Code  Gb  CAN.o [1]
CAN_receiveMsgObj             0xcc9  0x14c  Code  Gb  CAN.o [1]
CSTACK$$Base            0x2000'0438          --   Gb  - Linker created -
CSTACK$$Limit           0x2000'1438         Data  Gb  - Linker created -
CheckState_Task              0x1759   0x34  Code  Gb  ECU2.o [1]
DTC                     0x2000'0410    0x4  Data  Gb  ECU2.o [1]
DTC_Task                     0x1181  0x482  Code  Gb  ECU2.o [1]
DTC_Task{5}{6}{7}{8}::Receive_Ready
                        0x2000'0432    0x1  Data  Lc  ECU2.o [1]
DTC_Task{5}{6}{7}{8}::Send_Ready
                        0x2000'0431    0x1  Data  Lc  ECU2.o [1]
DebugMon_Handler             0x39b5    0x2  Code  Wk  startup_ARMCM4.o [1]
Default_Handler              0x39b5    0x2  Code  Gb  startup_ARMCM4.o [1]
ECU1State               0x2000'0430    0x1  Data  Gb  ECU2.o [1]
EraseM_Block                 0x1e55   0x24  Code  Gb  FlashM.o [1]
FIFO_dequeue                 0x211b   0x4e  Code  Gb  MY_RTOS_FIFO.o [1]
FIFO_enqueue                 0x20c7   0x54  Code  Gb  MY_RTOS_FIFO.o [1]
FIFO_init                    0x20a9   0x1e  Code  Gb  MY_RTOS_FIFO.o [1]
Fault_Counter           0x2000'0426    0x1  Data  Gb  ECU2.o [1]
Fault_Counter_NOCOMM    0x2000'042f    0x1  Data  Gb  ECU2.o [1]
GPIO_initCan                  0x3c1   0x6e  Code  Gb  CAN.o [1]
GPIO_initDigital             0x21ed   0xd8  Code  Gb  gpio.o [1]
GPIO_readBit                 0x2643   0x80  Code  Gb  gpio.o [1]
GPIO_setupPinDirection       0x22c5  0x258  Code  Gb  gpio.o [1]
GPIO_writeBit                0x251d  0x126  Code  Gb  gpio.o [1]
GetBOOTCfg                   0x1e39   0x1c  Code  Gb  FlashM.o [1]
HardFault_Handler            0x217b    0x2  Code  Wk  startup_ARMCM4.o [1]
IDLETASK                     0x1b1d    0x4  Code  Gb  Schedular.o [1]
Idletask                0x2000'0384   0x40  Data  Gb  Schedular.o [1]
Interrupt0_Handler           0x39b5    0x2  Code  Wk  startup_ARMCM4.o [1]
Interrupt1_Handler           0x39b5    0x2  Code  Wk  startup_ARMCM4.o [1]
Interrupt2_Handler           0x39b5    0x2  Code  Wk  startup_ARMCM4.o [1]
Interrupt3_Handler           0x39b5    0x2  Code  Wk  startup_ARMCM4.o [1]
Interrupt4_Handler           0x39b5    0x2  Code  Wk  startup_ARMCM4.o [1]
Interrupt5_Handler           0x39b5    0x2  Code  Wk  startup_ARMCM4.o [1]
Interrupt6_Handler           0x39b5    0x2  Code  Wk  startup_ARMCM4.o [1]
Interrupt7_Handler           0x39b5    0x2  Code  Wk  startup_ARMCM4.o [1]
Interrupt8_Handler           0x39b5    0x2  Code  Wk  startup_ARMCM4.o [1]
Interrupt9_Handler           0x39b5    0x2  Code  Wk  startup_ARMCM4.o [1]
Keep_Alive              0x2000'0339    0x1  Data  Gb  ECU2.o [1]
Known_Voltage           0x2000'0080    0x4  Data  Gb  ECU2.o [1]
LED_write                    0x1da1   0x1a  Code  Gb  LED.o [1]
LM35_Init                    0x1eb9   0xa4  Code  Gb  adc.o [1]
LM35_Value                   0x1f5d   0x10  Code  Gb  adc.o [1]
MemManage_Handler            0x39b5    0x2  Code  Wk  startup_ARMCM4.o [1]
NMI_Handler                  0x39b5    0x2  Code  Wk  startup_ARMCM4.o [1]
NO_COMMUNICATION_FLAG   0x2000'042d    0x1  Data  Gb  ECU2.o [1]
No_Communication_Task        0x1603   0x80  Code  Gb  ECU2.o [1]
OS_ActivateTask              0x1c0d    0xa  Code  Gb  Schedular.o [1]
OS_Control              0x2000'033c   0x48  Data  Gb  Schedular.o [1]
OS_CreateTask                0x1b7f   0x8e  Code  Gb  Schedular.o [1]
OS_GetTime                   0x1c23    0x6  Code  Gb  Schedular.o [1]
OS_HoldTask                  0x1c19    0xa  Code  Gb  Schedular.o [1]
OS_Init                      0x1b21   0x5e  Code  Gb  Schedular.o [1]
OS_Start                     0x1c29   0x46  Code  Gb  Schedular.o [1]
OVERHEAT_FLAG           0x2000'042e    0x1  Data  Gb  ECU2.o [1]
Overheat_Task                0x1683   0xd6  Code  Gb  ECU2.o [1]
Overheat_Task{1}{2}::GO_TO_DTC
                        0x2000'0433    0x1  Data  Lc  ECU2.o [1]
PendSV_Handler               0x19d9  0x142  Code  Gb  Schedular.o [1]
REF_Value                    0x1fe1   0x4c  Code  Gb  adc.o [1]
REF_init                     0x1f6d   0x72  Code  Gb  adc.o [1]
ReadM_Byte                   0x1eb5    0x4  Code  Gb  FlashM.o [1]
Ready_QUEUE             0x2000'03ec   0x14  Data  Gb  Schedular.o [1]
Ready_QUEUE_FIFO        0x2000'03c4   0x28  Data  Gb  Schedular.o [1]
Receive_KeepAlive_Task        0xe71   0xba  Code  Gb  ECU2.o [1]
Receive_KeepAlive_Task{1}{2}{3}{4}::No_Comm_Counter
                        0x2000'0084    0x4  Data  Lc  ECU2.o [1]
Region$$Table$$Base          0x38ec          --   Gb  - Linker created -
Region$$Table$$Limit         0x390c          --   Gb  - Linker created -
Remote_Frame            0x2000'0423    0x1  Data  Gb  ECU2.o [1]
Reset_Handler                0x39a9    0xc  Code  Gb  startup_ARMCM4.o [1]
SVC_Handler                  0x1939   0xa0  Code  Gb  Schedular.o [1]
SVC_Number              0x2000'0418    0x4  Data  Gb  Schedular.o [1]
SemaphoreGive                0x1d8d   0x14  Code  Gb  Schedular.o [1]
SemaphoreTake                0x1d79   0x12  Code  Gb  Schedular.o [1]
Send_ADC_Reading             0x1051   0x4c  Code  Gb  ECU2.o [1]
Send_KeepAlive_Task           0xe3d   0x34  Code  Gb  ECU2.o [1]
StackFrame              0x2000'0414    0x4  Data  Gb  Schedular.o [1]
Switch1_Switch2_flag    0x2000'0424    0x1  Data  Gb  ECU2.o [1]
Switch1_flag            0x2000'0422    0x1  Data  Gb  ECU2.o [1]
Switch2_flag            0x2000'0425    0x1  Data  Gb  ECU2.o [1]
SwitchIsPressed              0x2095   0x14  Code  Gb  switch.o [1]
SysTick_Handler              0x1c6f   0xd8  Code  Gb  Schedular.o [1]
SystemCoreClock         0x2000'0334    0x4  Data  Gb  system_ARMCM4.o [1]
SystemInit                   0x390d    0xe  Code  Gb  system_ARMCM4.o [1]
Systick_Start                0x2195   0x48  Code  Gb  systick.o [1]
Tasks_Configuration     0x2000'00b0  0x280  Data  Gb  Schedular_Cfg.o [1]
Uart1_Configs           0x2000'0020   0x10  Data  Gb  main.o [1]
Uart2_Configs           0x2000'0010   0x10  Data  Gb  main.o [1]
Uart4_Configs           0x2000'0040   0x10  Data  Gb  main.o [1]
Uart5_Configs           0x2000'0000   0x10  Data  Gb  main.o [1]
Uart7_Configs           0x2000'0030   0x10  Data  Gb  main.o [1]
Update_SchedularTable        0x1825  0x114  Code  Gb  Schedular.o [1]
UsageFault_Handler           0x39b5    0x2  Code  Wk  startup_ARMCM4.o [1]
WRKEY                   0x2000'0420    0x2  Data  Gb  FlashM.o [1]
WriteM_Byte                  0x1e79   0x2e  Code  Gb  FlashM.o [1]
__aeabi_d2f                  0x2b6d         Code  Gb  DblToFlt.o [3]
__aeabi_d2iz                 0x34b5         Code  Gb  DblToS32.o [3]
__aeabi_dadd                 0x3511         Code  Gb  DblAddSub.o [3]
__aeabi_ddiv                 0x2925         Code  Gb  DblDiv.o [3]
__aeabi_dmul                 0x2779         Code  Gb  DblMul.o [3]
__aeabi_dsub                 0x368d         Code  Gb  DblAddSub.o [3]
__aeabi_i2d                  0x34ed         Code  Gb  S32ToDbl.o [3]
__aeabi_ui2d                 0x275d         Code  Gb  U32ToDbl.o [3]
__aeabi_ul2d                 0x346d         Code  Gb  U64ToDbl.o [3]
__cmain                      0x392d         Code  Gb  cmain.o [4]
__exit                       0x3961   0x14  Code  Gb  exit.o [5]
__iar_data_init3             0x38a1   0x28  Code  Gb  data_init.o [4]
__iar_init_vfp               0x38c9         Code  Gb  fpinit_M.o [3]
__iar_lz77_init_single3
                             0x1dbb   0x7e  Code  Gb  lz77_init_single.o [4]
__iar_program_start          0x3975         Code  Gb  cstartup_M.o [4]
__iar_zero_init3             0x3869   0x38  Code  Gb  zero_init3.o [4]
__low_level_init             0x394b    0x4  Code  Gb  low_level_init.o [2]
__vector_table                  0x0  0x3c0  Data  Gb  startup_ARMCM4.o [1]
_call_main                   0x3939         Code  Gb  cmain.o [4]
_exit                        0x3955         Code  Gb  cexit.o [4]
currentState            0x2000'0338    0x1  Data  Gb  ECU2.o [1]
exit                         0x394f    0x4  Code  Gb  exit.o [2]
flag1                   0x2000'0427    0x1  Data  Gb  ECU2.o [1]
flag2                   0x2000'0428    0x1  Data  Gb  ECU2.o [1]
flag3                   0x2000'0429    0x1  Data  Gb  ECU2.o [1]
flag4                   0x2000'042a    0x1  Data  Gb  ECU2.o [1]
flag5                   0x2000'042b    0x1  Data  Gb  ECU2.o [1]
flag6                   0x2000'033b    0x1  Data  Gb  ECU2.o [1]
flag7                   0x2000'042c    0x1  Data  Gb  ECU2.o [1]
g_tick                  0x2000'041c    0x4  Data  Gb  Schedular.o [1]
main                         0x3771   0xf8  Code  Gb  main.o [1]
msgObjReceive           0x2000'0050   0x18  Data  Gb  ECU2.o [1]
msgObjReceiveRemote     0x2000'0068   0x18  Data  Gb  ECU2.o [1]
msgObjTransmit               0x3990   0x18  Data  Gb  ECU2.o [1]
receiveData             0x2000'0408    0x8  Data  Gb  ECU2.o [1]
sendVoltage                  0x109d   0xe4  Code  Gb  ECU2.o [1]
strcmp                       0x2169         Code  Gb  strcmp.o [4]
strcpy                       0x217d         Code  Gb  strcpy.o [4]
switchStates                  0xf2b  0x126  Code  Gb  ECU2.o [1]
transmitData            0x2000'0400    0x8  Data  Gb  ECU2.o [1]
uart_init                    0x2bd5  0x7a6  Code  Gb  uart.o [1]


[1] = D:\Senior2 Fall\Senior II\Fall 23\MCT422 Automotive Embedded Networking\Final Submission\ALMOST DONE\ECU2_Team1_FINAL_V30\ECU2_Team1_FINAL\ECU2_Team1_FINAL_BeforeFlash\ECU2_Team1_Pre_Final_Major\Debug\Obj
[2] = dl7M_tln.a
[3] = m7M_tls.a
[4] = rt7M_tl.a
[5] = shb_l.a

  13'756 bytes of readonly  code memory
   1'252 bytes of readonly  data memory
   5'172 bytes of readwrite data memory

Errors: none
Warnings: none
