###############################################################################
#
# IAR ELF Linker V9.30.1.335/W64 for ARM                  26/Jan/2024  18:48:17
# Copyright 2007-2022 IAR Systems AB.
#
#    Output file  =
#        D:\Senior2 Fall\Senior II\Fall 23\MCT422 Automotive Embedded
#        Networking\Final Submission\ALMOST
#        DONE\ECU1_Team1_FINAL_V30\ECU1_Team1_FINAL\ECU1_Team1_FINAL_BeforeFlash\ECU1_Team1_Pre_Final_Major\Debug\Exe\Lab2.out
#    Map file     =
#        D:\Senior2 Fall\Senior II\Fall 23\MCT422 Automotive Embedded
#        Networking\Final Submission\ALMOST
#        DONE\ECU1_Team1_FINAL_V30\ECU1_Team1_FINAL\ECU1_Team1_FINAL_BeforeFlash\ECU1_Team1_Pre_Final_Major\Debug\List\Lab2.map
#    Command line =
#        -f "D:\Senior2 Fall\Senior II\Fall 23\MCT422 Automotive Embedded
#        Networking\Final Submission\ALMOST
#        DONE\ECU1_Team1_FINAL_V30\ECU1_Team1_FINAL\ECU1_Team1_FINAL_BeforeFlash\ECU1_Team1_Pre_Final_Major\Debug\Exe\Lab2.out.rsp"
#        ("D:\Senior2 Fall\Senior II\Fall 23\MCT422 Automotive Embedded
#        Networking\Final Submission\ALMOST
#        DONE\ECU1_Team1_FINAL_V30\ECU1_Team1_FINAL\ECU1_Team1_FINAL_BeforeFlash\ECU1_Team1_Pre_Final_Major\Debug\Obj\adc.o"
#        "D:\Senior2 Fall\Senior II\Fall 23\MCT422 Automotive Embedded
#        Networking\Final Submission\ALMOST
#        DONE\ECU1_Team1_FINAL_V30\ECU1_Team1_FINAL\ECU1_Team1_FINAL_BeforeFlash\ECU1_Team1_Pre_Final_Major\Debug\Obj\CAN.o"
#        "D:\Senior2 Fall\Senior II\Fall 23\MCT422 Automotive Embedded
#        Networking\Final Submission\ALMOST
#        DONE\ECU1_Team1_FINAL_V30\ECU1_Team1_FINAL\ECU1_Team1_FINAL_BeforeFlash\ECU1_Team1_Pre_Final_Major\Debug\Obj\ECU1.o"
#        "D:\Senior2 Fall\Senior II\Fall 23\MCT422 Automotive Embedded
#        Networking\Final Submission\ALMOST
#        DONE\ECU1_Team1_FINAL_V30\ECU1_Team1_FINAL\ECU1_Team1_FINAL_BeforeFlash\ECU1_Team1_Pre_Final_Major\Debug\Obj\ECU1_PBConfig.o"
#        "D:\Senior2 Fall\Senior II\Fall 23\MCT422 Automotive Embedded
#        Networking\Final Submission\ALMOST
#        DONE\ECU1_Team1_FINAL_V30\ECU1_Team1_FINAL\ECU1_Team1_FINAL_BeforeFlash\ECU1_Team1_Pre_Final_Major\Debug\Obj\FlashM.o"
#        "D:\Senior2 Fall\Senior II\Fall 23\MCT422 Automotive Embedded
#        Networking\Final Submission\ALMOST
#        DONE\ECU1_Team1_FINAL_V30\ECU1_Team1_FINAL\ECU1_Team1_FINAL_BeforeFlash\ECU1_Team1_Pre_Final_Major\Debug\Obj\gpio.o"
#        "D:\Senior2 Fall\Senior II\Fall 23\MCT422 Automotive Embedded
#        Networking\Final Submission\ALMOST
#        DONE\ECU1_Team1_FINAL_V30\ECU1_Team1_FINAL\ECU1_Team1_FINAL_BeforeFlash\ECU1_Team1_Pre_Final_Major\Debug\Obj\GPTM.o"
#        "D:\Senior2 Fall\Senior II\Fall 23\MCT422 Automotive Embedded
#        Networking\Final Submission\ALMOST
#        DONE\ECU1_Team1_FINAL_V30\ECU1_Team1_FINAL\ECU1_Team1_FINAL_BeforeFlash\ECU1_Team1_Pre_Final_Major\Debug\Obj\LED.o"
#        "D:\Senior2 Fall\Senior II\Fall 23\MCT422 Automotive Embedded
#        Networking\Final Submission\ALMOST
#        DONE\ECU1_Team1_FINAL_V30\ECU1_Team1_FINAL\ECU1_Team1_FINAL_BeforeFlash\ECU1_Team1_Pre_Final_Major\Debug\Obj\main.o"
#        "D:\Senior2 Fall\Senior II\Fall 23\MCT422 Automotive Embedded
#        Networking\Final Submission\ALMOST
#        DONE\ECU1_Team1_FINAL_V30\ECU1_Team1_FINAL\ECU1_Team1_FINAL_BeforeFlash\ECU1_Team1_Pre_Final_Major\Debug\Obj\MY_RTOS_FIFO.o"
#        "D:\Senior2 Fall\Senior II\Fall 23\MCT422 Automotive Embedded
#        Networking\Final Submission\ALMOST
#        DONE\ECU1_Team1_FINAL_V30\ECU1_Team1_FINAL\ECU1_Team1_FINAL_BeforeFlash\ECU1_Team1_Pre_Final_Major\Debug\Obj\Schedular.o"
#        "D:\Senior2 Fall\Senior II\Fall 23\MCT422 Automotive Embedded
#        Networking\Final Submission\ALMOST
#        DONE\ECU1_Team1_FINAL_V30\ECU1_Team1_FINAL\ECU1_Team1_FINAL_BeforeFlash\ECU1_Team1_Pre_Final_Major\Debug\Obj\Schedular_Cfg.o"
#        "D:\Senior2 Fall\Senior II\Fall 23\MCT422 Automotive Embedded
#        Networking\Final Submission\ALMOST
#        DONE\ECU1_Team1_FINAL_V30\ECU1_Team1_FINAL\ECU1_Team1_FINAL_BeforeFlash\ECU1_Team1_Pre_Final_Major\Debug\Obj\SSI.o"
#        "D:\Senior2 Fall\Senior II\Fall 23\MCT422 Automotive Embedded
#        Networking\Final Submission\ALMOST
#        DONE\ECU1_Team1_FINAL_V30\ECU1_Team1_FINAL\ECU1_Team1_FINAL_BeforeFlash\ECU1_Team1_Pre_Final_Major\Debug\Obj\startup_ARMCM4.o"
#        "D:\Senior2 Fall\Senior II\Fall 23\MCT422 Automotive Embedded
#        Networking\Final Submission\ALMOST
#        DONE\ECU1_Team1_FINAL_V30\ECU1_Team1_FINAL\ECU1_Team1_FINAL_BeforeFlash\ECU1_Team1_Pre_Final_Major\Debug\Obj\switch.o"
#        "D:\Senior2 Fall\Senior II\Fall 23\MCT422 Automotive Embedded
#        Networking\Final Submission\ALMOST
#        DONE\ECU1_Team1_FINAL_V30\ECU1_Team1_FINAL\ECU1_Team1_FINAL_BeforeFlash\ECU1_Team1_Pre_Final_Major\Debug\Obj\system_ARMCM4.o"
#        "D:\Senior2 Fall\Senior II\Fall 23\MCT422 Automotive Embedded
#        Networking\Final Submission\ALMOST
#        DONE\ECU1_Team1_FINAL_V30\ECU1_Team1_FINAL\ECU1_Team1_FINAL_BeforeFlash\ECU1_Team1_Pre_Final_Major\Debug\Obj\systick.o"
#        "D:\Senior2 Fall\Senior II\Fall 23\MCT422 Automotive Embedded
#        Networking\Final Submission\ALMOST
#        DONE\ECU1_Team1_FINAL_V30\ECU1_Team1_FINAL\ECU1_Team1_FINAL_BeforeFlash\ECU1_Team1_Pre_Final_Major\Debug\Obj\uart.o"
#        --no_out_extension -o "D:\Senior2 Fall\Senior II\Fall 23\MCT422
#        Automotive Embedded Networking\Final Submission\ALMOST
#        DONE\ECU1_Team1_FINAL_V30\ECU1_Team1_FINAL\ECU1_Team1_FINAL_BeforeFlash\ECU1_Team1_Pre_Final_Major\Debug\Exe\Lab2.out"
#        --map "D:\Senior2 Fall\Senior II\Fall 23\MCT422 Automotive Embedded
#        Networking\Final Submission\ALMOST
#        DONE\ECU1_Team1_FINAL_V30\ECU1_Team1_FINAL\ECU1_Team1_FINAL_BeforeFlash\ECU1_Team1_Pre_Final_Major\Debug\List\Lab2.map"
#        --config "C:\Program Files\IAR Systems\Embedded Workbench
#        9.1\arm/config/linker/TexasInstruments/TM4C123GH6.icf" --semihosting
#        --entry __iar_program_start --vfe --text_out locale --cpu=Cortex-M4
#        --fpu=VFPv4_sp)
#
###############################################################################

*******************************************************************************
*** RUNTIME MODEL ATTRIBUTES
***

CppFlavor       = *
__CPP_Runtime   = 1
__SystemLibrary = DLib
__dlib_version  = 6


*******************************************************************************
*** HEAP SELECTION
***

The basic heap was selected because --advanced_heap
was not specified and the application did not appear to
be primarily optimized for speed.


*******************************************************************************
*** PLACEMENT SUMMARY
***

"A0":  place at address 0x0 { ro section .intvec };
"P1":  place in [from 0x0 to 0x3'ffff] { ro };
define block CSTACK with size = 4K, alignment = 8 { };
define block HEAP with size = 8K, alignment = 8 { };
"P2":  place in [from 0x2000'0000 to 0x2000'7fff] {
          rw, block CSTACK, block HEAP };
initialize by copy { rw };

  Section            Kind         Address    Size  Object
  -------            ----         -------    ----  ------
"A0":                                       0x3c0
  .intvec            const            0x0   0x3c0  startup_ARMCM4.o [1]
                                  - 0x3c0   0x3c0

"P1":                                      0x3608
  .text              ro code        0x3c0   0xa6c  CAN.o [1]
  .text              ro code        0xe2c   0xa24  ECU1.o [1]
  .text              ro code       0x1850   0x57c  Schedular.o [1]
  .text              ro code       0x1dcc    0x1a  LED.o [1]
  .text              ro code       0x1de6    0x7e  lz77_init_single.o [4]
  .text              ro code       0x1e64    0x80  FlashM.o [1]
  .text              ro code       0x1ee4    0x14  switch.o [1]
  .text              ro code       0x1ef8   0x99e  uart.o [1]
  .text              ro code       0x2896    0xc0  MY_RTOS_FIFO.o [1]
  .text              ro code       0x2956     0x2  startup_ARMCM4.o [1]
  .text              ro code       0x2958    0x12  strcmp.o [4]
  .text              ro code       0x296c    0x18  strcpy.o [4]
  .text              ro code       0x2984    0x58  systick.o [1]
  .text              ro code       0x29dc   0x570  gpio.o [1]
  .text              ro code       0x2f4c    0x46  U64ToDbl.o [3]
  .text              ro code       0x2f94   0x1aa  DblMul.o [3]
  .text              ro code       0x3140   0x246  DblDiv.o [3]
  .text              ro code       0x3388    0x36  DblToS32.o [3]
  .text              ro code       0x33c0    0x22  S32ToDbl.o [3]
  .text              ro code       0x33e4   0x25e  DblAddSub.o [3]
  .text              ro code       0x3644   0x104  main.o [1]
  .text              ro code       0x3748    0x38  zero_init3.o [4]
  .text              ro code       0x3780    0x28  data_init.o [4]
  .text              ro code       0x37a8    0x22  fpinit_M.o [3]
  .iar.init_table    const         0x37cc    0x20  - Linker created -
  .text              ro code       0x37ec    0x20  system_ARMCM4.o [1]
  .text              ro code       0x380c    0x1e  cmain.o [4]
  .text              ro code       0x382a     0x4  low_level_init.o [2]
  .text              ro code       0x382e     0x4  exit.o [2]
  .text              ro code       0x3834     0xa  cexit.o [4]
  .text              ro code       0x3840    0x14  exit.o [5]
  .text              ro code       0x3854    0x1c  cstartup_M.o [4]
  .rodata            const         0x3870    0x18  ECU1.o [1]
  .rodata            const         0x3888    0x18  ECU1.o [1]
  .rodata            const         0x38a0    0x14  ECU1.o [1]
  .rodata            const         0x38b4    0x10  ECU1.o [1]
  .text              ro code       0x38c4     0xe  startup_ARMCM4.o [1]
  .rodata            const         0x38d4     0xc  ECU1.o [1]
  .rodata            const         0x38e0     0xc  ECU1.o [1]
  .rodata            const         0x38ec     0xc  Schedular.o [1]
  .rodata            const         0x38f8     0x8  ECU1.o [1]
  .rodata            const         0x3900     0x0  zero_init3.o [4]
  .rodata            const         0x3900     0x0  lz77_init_single.o [4]
  Initializer bytes  const         0x3900    0xc8  <for P2-1>
                                 - 0x39c8  0x3608

"P2", part 1 of 3:                          0x323
  P2-1                        0x2000'0000   0x323  <Init block>
    .data            inited   0x2000'0000    0x10  main.o [1]
    .data            inited   0x2000'0010    0x10  main.o [1]
    .data            inited   0x2000'0020    0x10  main.o [1]
    .data            inited   0x2000'0030    0x10  main.o [1]
    .data            inited   0x2000'0040    0x10  main.o [1]
    .data            inited   0x2000'0050    0x10  main.o [1]
    .data            inited   0x2000'0060    0x18  ECU1.o [1]
    .data            inited   0x2000'0078     0x4  ECU1.o [1]
    .data            inited   0x2000'007c     0x4  ECU1.o [1]
    .data            inited   0x2000'0080     0x4  ECU1.o [1]
    .data            inited   0x2000'0084    0x28  Schedular_Cfg.o [1]
    .data            inited   0x2000'00ac    0x28  Schedular_Cfg.o [1]
    .data            inited   0x2000'00d4   0x240  Schedular_Cfg.o [1]
    .data            inited   0x2000'0314     0x8  Schedular_Cfg.o [1]
    .data            inited   0x2000'031c     0x4  system_ARMCM4.o [1]
    .data            inited   0x2000'0320     0x1  ECU1.o [1]
    .data            inited   0x2000'0321     0x1  ECU1.o [1]
    .data            inited   0x2000'0322     0x1  ECU1.o [1]
                            - 0x2000'0323   0x323

"P2", part 2 of 3:                           0xf8
  .bss               zero     0x2000'0324    0x44  Schedular.o [1]
  .bss               zero     0x2000'0368    0x40  Schedular.o [1]
  .bss               zero     0x2000'03a8    0x28  Schedular.o [1]
  .bss               zero     0x2000'03d0    0x14  Schedular.o [1]
  .bss               zero     0x2000'03e4     0x8  ECU1.o [1]
  .bss               zero     0x2000'03ec     0x8  ECU1.o [1]
  .bss               zero     0x2000'03f4     0x4  ECU1.o [1]
  .bss               zero     0x2000'03f8     0x4  Schedular.o [1]
  .bss               zero     0x2000'03fc     0x4  Schedular.o [1]
  .bss               zero     0x2000'0400     0x4  Schedular.o [1]
  .bss               zero     0x2000'0404     0x2  FlashM.o [1]
  .bss               zero     0x2000'0406     0x1  ECU1.o [1]
  .bss               zero     0x2000'0407     0x1  ECU1.o [1]
  .bss               zero     0x2000'0408     0x1  ECU1.o [1]
  .bss               zero     0x2000'0409     0x1  ECU1.o [1]
  .bss               zero     0x2000'040a     0x1  ECU1.o [1]
  .bss               zero     0x2000'040b     0x1  ECU1.o [1]
  .bss               zero     0x2000'040c     0x1  ECU1.o [1]
  .bss               zero     0x2000'040d     0x1  ECU1.o [1]
  .bss               zero     0x2000'040e     0x1  ECU1.o [1]
  .bss               zero     0x2000'040f     0x1  ECU1.o [1]
  .bss               zero     0x2000'0410     0x1  ECU1.o [1]
  .bss               zero     0x2000'0411     0x1  ECU1.o [1]
  .bss               zero     0x2000'0412     0x1  ECU1.o [1]
  .bss               zero     0x2000'0413     0x1  ECU1.o [1]
  .bss               zero     0x2000'0414     0x1  ECU1.o [1]
  .bss               zero     0x2000'0415     0x1  ECU1.o [1]
  .bss               zero     0x2000'0416     0x1  ECU1.o [1]
  .bss               zero     0x2000'0417     0x1  ECU1.o [1]
  .bss               zero     0x2000'0418     0x1  ECU1.o [1]
  .bss               zero     0x2000'0419     0x1  ECU1.o [1]
                            - 0x2000'041a    0xf6

"P2", part 3 of 3:                         0x1000
  CSTACK                      0x2000'0420  0x1000  <Block>
    CSTACK           uninit   0x2000'0420  0x1000  <Block tail>
                            - 0x2000'1420  0x1000

Unused ranges:

         From           To      Size
         ----           --      ----
       0x39c8     0x3'ffff  0x3'c638
  0x2000'0323  0x2000'0323       0x1
  0x2000'041c  0x2000'041f       0x4
  0x2000'1420  0x2000'7fff    0x6be0


*******************************************************************************
*** INIT TABLE
***

          Address      Size
          -------      ----
Zero (__iar_zero_init3)
    1 destination range, total size 0xf6:
          0x2000'0324   0xf6

Copy/lz77 (__iar_lz77_init_single3)
    1 source range, total size 0xc8 (24% of destination):
               0x3900   0xc8
    1 destination range, total size 0x323:
          0x2000'0000  0x323



*******************************************************************************
*** MODULE SUMMARY
***

    Module              ro code  ro data  rw data
    ------              -------  -------  -------
command line/config:
    ---------------------------------------------
    Total:

D:\Senior2 Fall\Senior II\Fall 23\MCT422 Automotive Embedded Networking\Final Submission\ALMOST DONE\ECU1_Team1_FINAL_V30\ECU1_Team1_FINAL\ECU1_Team1_FINAL_BeforeFlash\ECU1_Team1_Pre_Final_Major\Debug\Obj: [1]
    CAN.o                 2'668
    ECU1.o                2'596      126       79
    FlashM.o                128                 2
    LED.o                    26
    MY_RTOS_FIFO.o          192
    Schedular.o           1'404       12      204
    Schedular_Cfg.o                  166      664
    gpio.o                1'392
    main.o                  260       23       96
    startup_ARMCM4.o         16      960
    switch.o                 20
    system_ARMCM4.o          32        1        4
    systick.o                88
    uart.o                2'462
    ---------------------------------------------
    Total:               11'284    1'288    1'049

dl7M_tln.a: [2]
    exit.o                    4
    low_level_init.o          4
    ---------------------------------------------
    Total:                    8

m7M_tls.a: [3]
    DblAddSub.o             606
    DblDiv.o                582
    DblMul.o                426
    DblToS32.o               54
    S32ToDbl.o               34
    U64ToDbl.o               70
    fpinit_M.o               34
    ---------------------------------------------
    Total:                1'806

rt7M_tl.a: [4]
    cexit.o                  10
    cmain.o                  30
    cstartup_M.o             28
    data_init.o              40
    lz77_init_single.o      126
    strcmp.o                 18
    strcpy.o                 24
    zero_init3.o             56
    ---------------------------------------------
    Total:                  332

shb_l.a: [5]
    exit.o                   20
    ---------------------------------------------
    Total:                   20

    Gaps                     18        4
    Linker created                    32    4'096
-------------------------------------------------
    Grand Total:         13'468    1'324    5'145


*******************************************************************************
*** ENTRY LIST
***

Entry                       Address   Size  Type      Object
-----                       -------   ----  ----      ------
.iar.init_table$$Base        0x37cc          --   Gb  - Linker created -
.iar.init_table$$Limit       0x37ec          --   Gb  - Linker created -
?main                        0x380d         Code  Gb  cmain.o [4]
BinarySem               0x2000'0314    0x8  Data  Gb  Schedular_Cfg.o [1]
BusFault_Handler             0x38d1    0x2  Code  Wk  startup_ARMCM4.o [1]
CAN_config                   0x38e0    0xc  Data  Gb  ECU1.o [1]
CAN_configMsgObj              0x48d  0x83c  Code  Gb  CAN.o [1]
CAN_enable                    0xe05    0xe  Code  Gb  CAN.o [1]
CAN_init                      0x42f   0x5e  Code  Gb  CAN.o [1]
CAN_receiveMsgObj             0xcc9  0x13c  Code  Gb  CAN.o [1]
CSTACK$$Base            0x2000'0420          --   Gb  - Linker created -
CSTACK$$Limit           0x2000'1420         Data  Gb  - Linker created -
DTC                     0x2000'03f4    0x4  Data  Gb  ECU1.o [1]
DTC_Task                     0x11b1  0x4b4  Code  Gb  ECU1.o [1]
DTC_Task{5}{6}{7}{8}::GO_TO_DTC
                        0x2000'0416    0x1  Data  Lc  ECU1.o [1]
DTC_Task{5}{6}{7}{8}::Receive_Ready
                        0x2000'0419    0x1  Data  Lc  ECU1.o [1]
DTC_Task{5}{6}{7}{8}::Send_Ready
                        0x2000'0418    0x1  Data  Lc  ECU1.o [1]
DTC_Task{5}{6}{7}{8}::counter
                        0x2000'0417    0x1  Data  Lc  ECU1.o [1]
DebugMon_Handler             0x38d1    0x2  Code  Wk  startup_ARMCM4.o [1]
Default_Handler              0x38d1    0x2  Code  Gb  startup_ARMCM4.o [1]
EraseM_Block                 0x1e81   0x24  Code  Gb  FlashM.o [1]
FIFO_dequeue                 0x2909   0x4e  Code  Gb  MY_RTOS_FIFO.o [1]
FIFO_enqueue                 0x28b5   0x54  Code  Gb  MY_RTOS_FIFO.o [1]
FIFO_init                    0x2897   0x1e  Code  Gb  MY_RTOS_FIFO.o [1]
Fault_Counter_NOCOMM    0x2000'040c    0x1  Data  Gb  ECU1.o [1]
Fault_Counter_OVERHEAT  0x2000'040d    0x1  Data  Gb  ECU1.o [1]
GPIO_initCan                  0x3c1   0x6e  Code  Gb  CAN.o [1]
GPIO_initDigital             0x29dd   0xd8  Code  Gb  gpio.o [1]
GPIO_readBit                 0x2e33   0x80  Code  Gb  gpio.o [1]
GPIO_setupPinDirection       0x2ab5  0x258  Code  Gb  gpio.o [1]
GPIO_writeBit                0x2d0d  0x126  Code  Gb  gpio.o [1]
GetBOOTCfg                   0x1e65   0x1c  Code  Gb  FlashM.o [1]
HardFault_Handler            0x2957    0x2  Code  Wk  startup_ARMCM4.o [1]
IDLETASK                     0x1b49    0x4  Code  Gb  Schedular.o [1]
Idletask                0x2000'0368   0x40  Data  Gb  Schedular.o [1]
Interrupt0_Handler           0x38d1    0x2  Code  Wk  startup_ARMCM4.o [1]
Interrupt1_Handler           0x38d1    0x2  Code  Wk  startup_ARMCM4.o [1]
Interrupt2_Handler           0x38d1    0x2  Code  Wk  startup_ARMCM4.o [1]
Interrupt3_Handler           0x38d1    0x2  Code  Wk  startup_ARMCM4.o [1]
Interrupt4_Handler           0x38d1    0x2  Code  Wk  startup_ARMCM4.o [1]
Interrupt5_Handler           0x38d1    0x2  Code  Wk  startup_ARMCM4.o [1]
Interrupt6_Handler           0x38d1    0x2  Code  Wk  startup_ARMCM4.o [1]
Interrupt7_Handler           0x38d1    0x2  Code  Wk  startup_ARMCM4.o [1]
Interrupt8_Handler           0x38d1    0x2  Code  Wk  startup_ARMCM4.o [1]
Interrupt9_Handler           0x38d1    0x2  Code  Wk  startup_ARMCM4.o [1]
Keep_Alive              0x2000'0321    0x1  Data  Gb  ECU1.o [1]
LED_write                    0x1dcd   0x1a  Code  Gb  LED.o [1]
MemManage_Handler            0x38d1    0x2  Code  Wk  startup_ARMCM4.o [1]
NMI_Handler                  0x38d1    0x2  Code  Wk  startup_ARMCM4.o [1]
NO_COMMUNICATION_FLAG   0x2000'040b    0x1  Data  Gb  ECU1.o [1]
No_Communication_Task        0x1665   0x8c  Code  Gb  ECU1.o [1]
OS_ActivateTask              0x1c39    0xa  Code  Gb  Schedular.o [1]
OS_Control              0x2000'0324   0x44  Data  Gb  Schedular.o [1]
OS_CreateTask                0x1bab   0x8e  Code  Gb  Schedular.o [1]
OS_GetTime                   0x1c4f    0x6  Code  Gb  Schedular.o [1]
OS_HoldTask                  0x1c45    0xa  Code  Gb  Schedular.o [1]
OS_Init                      0x1b4d   0x5e  Code  Gb  Schedular.o [1]
OS_Start                     0x1c55   0x46  Code  Gb  Schedular.o [1]
Overheat_Task                0x16f1   0x6e  Code  Gb  ECU1.o [1]
PendSV_Handler               0x1a05  0x142  Code  Gb  Schedular.o [1]
Process_ADC_Reading          0x104b  0x166  Code  Gb  ECU1.o [1]
Process_ADC_Reading{1}{2}::counter
                        0x2000'0414    0x1  Data  Lc  ECU1.o [1]
Process_ADC_Reading{1}{2}::counter2
                        0x2000'0415    0x1  Data  Lc  ECU1.o [1]
Process_ADC_Reading{1}{2}{3}{4}::Fault_Counter
                        0x2000'0080    0x4  Data  Lc  ECU1.o [1]
ReadM_Byte                   0x1ee1    0x4  Code  Gb  FlashM.o [1]
Ready_QUEUE             0x2000'03d0   0x14  Data  Gb  Schedular.o [1]
Ready_QUEUE_FIFO        0x2000'03a8   0x28  Data  Gb  Schedular.o [1]
Receive_KeepAlive_Task        0xe5b   0xea  Code  Gb  ECU1.o [1]
Receive_KeepAlive_Task{1}{2}{3}{4}::No_Comm_Counter
                        0x2000'007c    0x4  Data  Lc  ECU1.o [1]
Receive_KeepAlive_Task{1}{2}{3}{4}::counter
                        0x2000'0413    0x1  Data  Lc  ECU1.o [1]
Received_Voltage        0x2000'0078    0x4  Data  Gb  ECU1.o [1]
Region$$Table$$Base          0x37cc          --   Gb  - Linker created -
Region$$Table$$Limit         0x37ec          --   Gb  - Linker created -
Remote_Sent             0x2000'040a    0x1  Data  Gb  ECU1.o [1]
Reset_Handler                0x38c5    0xc  Code  Gb  startup_ARMCM4.o [1]
SVC_Handler                  0x1965   0xa0  Code  Gb  Schedular.o [1]
SVC_Number              0x2000'03fc    0x4  Data  Gb  Schedular.o [1]
SemaphoreGive                0x1db9   0x14  Code  Gb  Schedular.o [1]
SemaphoreTake                0x1da5   0x12  Code  Gb  Schedular.o [1]
Send_KeepAlive_Task           0xe2d   0x2e  Code  Gb  ECU1.o [1]
Send_message_to_PC           0x175f   0x48  Code  Gb  ECU1.o [1]
StackFrame              0x2000'03f8    0x4  Data  Gb  Schedular.o [1]
Switch1_Switch2_flag    0x2000'0407    0x1  Data  Gb  ECU1.o [1]
Switch1_flag            0x2000'0409    0x1  Data  Gb  ECU1.o [1]
Switch2_flag            0x2000'0408    0x1  Data  Gb  ECU1.o [1]
SwitchIsPressed              0x1ee5   0x14  Code  Gb  switch.o [1]
SysTick_Handler              0x1c9b   0xd8  Code  Gb  Schedular.o [1]
SystemCoreClock         0x2000'031c    0x4  Data  Gb  system_ARMCM4.o [1]
SystemInit                   0x37ed    0xe  Code  Gb  system_ARMCM4.o [1]
Systick_Start                0x2985   0x48  Code  Gb  systick.o [1]
Tasks_Configuration     0x2000'00d4  0x240  Data  Gb  Schedular_Cfg.o [1]
Temperature             0x2000'0406    0x1  Data  Gb  ECU1.o [1]
Uart0_Configs           0x2000'0050   0x10  Data  Gb  main.o [1]
Uart1_Configs           0x2000'0020   0x10  Data  Gb  main.o [1]
Uart2_Configs           0x2000'0010   0x10  Data  Gb  main.o [1]
Uart4_Configs           0x2000'0040   0x10  Data  Gb  main.o [1]
Uart5_Configs           0x2000'0000   0x10  Data  Gb  main.o [1]
Uart7_Configs           0x2000'0030   0x10  Data  Gb  main.o [1]
Update_SchedularTable        0x1851  0x114  Code  Gb  Schedular.o [1]
UsageFault_Handler           0x38d1    0x2  Code  Wk  startup_ARMCM4.o [1]
WRKEY                   0x2000'0404    0x2  Data  Gb  FlashM.o [1]
WriteM_Byte                  0x1ea5   0x2e  Code  Gb  FlashM.o [1]
__aeabi_d2iz                 0x3389         Code  Gb  DblToS32.o [3]
__aeabi_dadd                 0x33e5         Code  Gb  DblAddSub.o [3]
__aeabi_ddiv                 0x3141         Code  Gb  DblDiv.o [3]
__aeabi_dmul                 0x2f95         Code  Gb  DblMul.o [3]
__aeabi_dsub                 0x3561         Code  Gb  DblAddSub.o [3]
__aeabi_i2d                  0x33c1         Code  Gb  S32ToDbl.o [3]
__aeabi_ul2d                 0x2f4d         Code  Gb  U64ToDbl.o [3]
__cmain                      0x380d         Code  Gb  cmain.o [4]
__exit                       0x3841   0x14  Code  Gb  exit.o [5]
__iar_data_init3             0x3781   0x28  Code  Gb  data_init.o [4]
__iar_init_vfp               0x37a9         Code  Gb  fpinit_M.o [3]
__iar_lz77_init_single3
                             0x1de7   0x7e  Code  Gb  lz77_init_single.o [4]
__iar_program_start          0x3855         Code  Gb  cstartup_M.o [4]
__iar_zero_init3             0x3749   0x38  Code  Gb  zero_init3.o [4]
__low_level_init             0x382b    0x4  Code  Gb  low_level_init.o [2]
__vector_table                  0x0  0x3c0  Data  Gb  startup_ARMCM4.o [1]
_call_main                   0x3819         Code  Gb  cmain.o [4]
_exit                        0x3835         Code  Gb  cexit.o [4]
currentState            0x2000'0320    0x1  Data  Gb  ECU1.o [1]
exit                         0x382f    0x4  Code  Gb  exit.o [2]
flag1                   0x2000'040e    0x1  Data  Gb  ECU1.o [1]
flag2                   0x2000'040f    0x1  Data  Gb  ECU1.o [1]
flag3                   0x2000'0410    0x1  Data  Gb  ECU1.o [1]
flag4                   0x2000'0411    0x1  Data  Gb  ECU1.o [1]
flag5                   0x2000'0322    0x1  Data  Gb  ECU1.o [1]
flag6                   0x2000'0412    0x1  Data  Gb  ECU1.o [1]
g_tick                  0x2000'0400    0x4  Data  Gb  Schedular.o [1]
main                         0x3645  0x104  Code  Gb  main.o [1]
msgObjReceive           0x2000'0060   0x18  Data  Gb  ECU1.o [1]
msgObjTransmit               0x3870   0x18  Data  Gb  ECU1.o [1]
msgObjTransmitRemote         0x3888   0x18  Data  Gb  ECU1.o [1]
receiveData             0x2000'03ec    0x8  Data  Gb  ECU1.o [1]
strcmp                       0x2959         Code  Gb  strcmp.o [4]
strcpy                       0x296d         Code  Gb  strcpy.o [4]
switchStates                  0xf45  0x106  Code  Gb  ECU1.o [1]
transmitData            0x2000'03e4    0x8  Data  Gb  ECU1.o [1]
uart_init                    0x1ef9  0x7a6  Code  Gb  uart.o [1]
uart_transmitByte            0x269f   0xc0  Code  Gb  uart.o [1]
uart_transmitString          0x2871   0x26  Code  Gb  uart.o [1]


[1] = D:\Senior2 Fall\Senior II\Fall 23\MCT422 Automotive Embedded Networking\Final Submission\ALMOST DONE\ECU1_Team1_FINAL_V30\ECU1_Team1_FINAL\ECU1_Team1_FINAL_BeforeFlash\ECU1_Team1_Pre_Final_Major\Debug\Obj
[2] = dl7M_tln.a
[3] = m7M_tls.a
[4] = rt7M_tl.a
[5] = shb_l.a

  13'468 bytes of readonly  code memory
   1'324 bytes of readonly  data memory
   5'145 bytes of readwrite data memory

Errors: none
Warnings: none
